Copyright 1986-2022 Xilinx, Inc. All Rights Reserved. Copyright 2022-2025 Advanced Micro Devices, Inc. All Rights Reserved.
---------------------------------------------------------------------------------------------------------------------------------------------
| Tool Version : Vivado v.2025.2 (win64) Build 6299465 Fri Nov 14 19:35:11 GMT 2025
| Date         : Sun Jul  5 14:30:05 2026
| Host         : Mahesh_LOQ running 64-bit major release  (build 9200)
| Command      : report_control_sets -verbose -file ultrasonic_display_top_control_sets_placed.rpt
| Design       : ultrasonic_display_top
| Device       : xc7s50
---------------------------------------------------------------------------------------------------------------------------------------------

Control Set Information

Table of Contents
-----------------
1. Summary
2. Histogram
3. Flip-Flop Distribution
4. Detailed Control Set Information

1. Summary
----------

+----------------------------------------------------------+-------+
|                          Status                          | Count |
+----------------------------------------------------------+-------+
| Total control sets                                       |    18 |
|    Minimum number of control sets                        |    18 |
|    Addition due to synthesis replication                 |     0 |
|    Addition due to physical synthesis replication        |     0 |
| Unused register locations in slices containing registers |    68 |
+----------------------------------------------------------+-------+
* Control sets can be merged at opt_design using control_set_merge or merge_equivalent_drivers
** Run report_qor_suggestions for automated merging and remapping suggestions


2. Histogram
------------

+--------------------+-------+
|       Fanout       | Count |
+--------------------+-------+
| Total control sets |    18 |
| >= 0 to < 4        |     4 |
| >= 4 to < 6        |     4 |
| >= 6 to < 8        |     4 |
| >= 8 to < 10       |     0 |
| >= 10 to < 12      |     0 |
| >= 12 to < 14      |     0 |
| >= 14 to < 16      |     1 |
| >= 16              |     5 |
+--------------------+-------+
* Control sets can be remapped at either synth_design or opt_design


3. Flip-Flop Distribution
-------------------------

+--------------+-----------------------+------------------------+-----------------+--------------+
| Clock Enable | Synchronous Set/Reset | Asynchronous Set/Reset | Total Registers | Total Slices |
+--------------+-----------------------+------------------------+-----------------+--------------+
| No           | No                    | No                     |               3 |            2 |
| No           | No                    | Yes                    |               0 |            0 |
| No           | Yes                   | No                     |              74 |           24 |
| Yes          | No                    | No                     |              30 |           12 |
| Yes          | No                    | Yes                    |               0 |            0 |
| Yes          | Yes                   | No                     |              73 |           21 |
+--------------+-----------------------+------------------------+-----------------+--------------+


4. Detailed Control Set Information
-----------------------------------

+----------------+-----------------------------+------------------------------------+------------------+----------------+--------------+
|  Clock Signal  |        Enable Signal        |          Set/Reset Signal          | Slice Load Count | Bel Load Count | Bels / Slice |
+----------------+-----------------------------+------------------------------------+------------------+----------------+--------------+
|  clk_IBUF_BUFG | u_sonic/measuring_i_1_n_0   | rst_IBUF                           |                1 |              1 |         1.00 |
|  clk_IBUF_BUFG | u_uart/u_uart/tx_i_1_n_0    |                                    |                1 |              1 |         1.00 |
|  clk_IBUF_BUFG | u_uart/u_uart/tx_shift[0]   |                                    |                1 |              1 |         1.00 |
|  clk_IBUF_BUFG |                             |                                    |                2 |              3 |         1.50 |
|  clk_IBUF_BUFG | u_uart/u_uart/busy_reg_2[0] | rst_IBUF                           |                1 |              4 |         4.00 |
|  clk_IBUF_BUFG | u_uart/u_uart/bit_index[0]  | u_uart/u_uart/tx_shift[0]          |                1 |              4 |         4.00 |
|  clk_IBUF_BUFG | u_uart/u_uart/busy_reg_1[0] | u_uart/char_index[3]_i_1_n_0       |                2 |              4 |         2.00 |
|  clk_IBUF_BUFG | u_sonic/E[0]                |                                    |                2 |              5 |         2.50 |
|  clk_IBUF_BUFG | u_uart/u_uart/E[0]          |                                    |                2 |              6 |         3.00 |
|  clk_IBUF_BUFG |                             | rst_IBUF                           |                6 |              7 |         1.17 |
|  clk_IBUF_BUFG | u_uart/u_uart/busy_reg_1[0] | rst_IBUF                           |                2 |              7 |         3.50 |
|  clk_IBUF_BUFG | u_uart/u_uart/tx_shift[0]   | rst_IBUF                           |                2 |              7 |         3.50 |
|  clk_IBUF_BUFG | u_uart/u_uart/busy          | u_uart/u_uart/clk_count[0]_i_1_n_0 |                4 |             14 |         3.50 |
|  clk_IBUF_BUFG |                             | u_seg/refresh_counter[0]_i_1_n_0   |                5 |             17 |         3.40 |
|  clk_IBUF_BUFG | u_uart/u_uart/busy_reg_0[0] |                                    |                6 |             17 |         2.83 |
|  clk_IBUF_BUFG |                             | u_sonic/count[0]_i_1_n_0           |                6 |             23 |         3.83 |
|  clk_IBUF_BUFG |                             | u_uart/one_sec_counter[0]_i_1_n_0  |                7 |             27 |         3.86 |
|  clk_IBUF_BUFG | echo_IBUF                   | u_sonic/echo_count[0]_i_1_n_0      |                8 |             32 |         4.00 |
+----------------+-----------------------------+------------------------------------+------------------+----------------+--------------+


